// Jest Snapshot v1, https://goo.gl/fbAQLP

exports[`ContentMap Testing should match snapshot 1`] = `
Object {
  "asFragment": [Function],
  "baseElement": .c0 {
  grid-area: contentMap;
  box-shadow: rgba(0,0,0,0.17) 0px -23px 25px 0px inset, rgba(0,0,0,0.15) 0px -36px 30px 0px inset, rgba(0,0,0,0.1) 0px -79px 40px 0px inset,rgba(0,0,0,0.06) 0px 2px 1px, rgba(0,0,0,0.09) 0px 4px 2px,rgba(0,0,0,0.09) 0px 8px 4px, rgba(0,0,0,0.09) 0px 16px 8px,rgba(0,0,0,0.09) 0px 32px 16px;
  padding: 1rem;
  color: #EEEEEE;
  -webkit-transform: translateX(+50px);
  -ms-transform: translateX(+50px);
  transform: translateX(+50px);
  -webkit-animation: eQudGy 0.5s linear forwards;
  animation: eQudGy 0.5s linear forwards;
}

.c1 {
  display: -webkit-box;
  display: -webkit-flex;
  display: -ms-flexbox;
  display: flex;
  -webkit-flex-wrap: wrap;
  -ms-flex-wrap: wrap;
  flex-wrap: wrap;
  -webkit-align-items: center;
  -webkit-box-align: center;
  -ms-flex-align: center;
  align-items: center;
  -webkit-box-pack: space-around;
  -webkit-justify-content: space-around;
  -ms-flex-pack: space-around;
  justify-content: space-around;
  border-bottom: 2px solid gray;
}

.c2 {
  text-align: center;
}

.c2 h1 {
  font-weight: 600;
}

.c3 {
  max-width: 175px;
  height: 127px;
}

.c4 {
  text-align: center;
}

.c5 {
  display: -webkit-box;
  display: -webkit-flex;
  display: -ms-flexbox;
  display: flex;
  -webkit-flex-wrap: wrap;
  -ms-flex-wrap: wrap;
  flex-wrap: wrap;
  -webkit-box-pack: space-around;
  -webkit-justify-content: space-around;
  -ms-flex-pack: space-around;
  justify-content: space-around;
  text-align: center;
}

<body>
    <div>
      <section
        class="c0"
      >
        <div
          class="c1"
        >
          <div
            class="c2"
          >
            <h1 />
            <p />
            <p />
          </div>
          <div
            class="c3"
          >
            <img
              src="http://assets.api.hgbrasil.com/weather/images/undefined.png"
            />
          </div>
          <div
            class="c4"
          >
            <h1>
              °
            </h1>
            <p />
          </div>
        </div>
        <div
          class="c5"
        />
      </section>
    </div>
  </body>,
  "container": .c0 {
  grid-area: contentMap;
  box-shadow: rgba(0,0,0,0.17) 0px -23px 25px 0px inset, rgba(0,0,0,0.15) 0px -36px 30px 0px inset, rgba(0,0,0,0.1) 0px -79px 40px 0px inset,rgba(0,0,0,0.06) 0px 2px 1px, rgba(0,0,0,0.09) 0px 4px 2px,rgba(0,0,0,0.09) 0px 8px 4px, rgba(0,0,0,0.09) 0px 16px 8px,rgba(0,0,0,0.09) 0px 32px 16px;
  padding: 1rem;
  color: #EEEEEE;
  -webkit-transform: translateX(+50px);
  -ms-transform: translateX(+50px);
  transform: translateX(+50px);
  -webkit-animation: eQudGy 0.5s linear forwards;
  animation: eQudGy 0.5s linear forwards;
}

.c1 {
  display: -webkit-box;
  display: -webkit-flex;
  display: -ms-flexbox;
  display: flex;
  -webkit-flex-wrap: wrap;
  -ms-flex-wrap: wrap;
  flex-wrap: wrap;
  -webkit-align-items: center;
  -webkit-box-align: center;
  -ms-flex-align: center;
  align-items: center;
  -webkit-box-pack: space-around;
  -webkit-justify-content: space-around;
  -ms-flex-pack: space-around;
  justify-content: space-around;
  border-bottom: 2px solid gray;
}

.c2 {
  text-align: center;
}

.c2 h1 {
  font-weight: 600;
}

.c3 {
  max-width: 175px;
  height: 127px;
}

.c4 {
  text-align: center;
}

.c5 {
  display: -webkit-box;
  display: -webkit-flex;
  display: -ms-flexbox;
  display: flex;
  -webkit-flex-wrap: wrap;
  -ms-flex-wrap: wrap;
  flex-wrap: wrap;
  -webkit-box-pack: space-around;
  -webkit-justify-content: space-around;
  -ms-flex-pack: space-around;
  justify-content: space-around;
  text-align: center;
}

<div>
    <section
      class="c0"
    >
      <div
        class="c1"
      >
        <div
          class="c2"
        >
          <h1 />
          <p />
          <p />
        </div>
        <div
          class="c3"
        >
          <img
            src="http://assets.api.hgbrasil.com/weather/images/undefined.png"
          />
        </div>
        <div
          class="c4"
        >
          <h1>
            °
          </h1>
          <p />
        </div>
      </div>
      <div
        class="c5"
      />
    </section>
  </div>,
  "debug": [Function],
  "findAllByAltText": [Function],
  "findAllByDisplayValue": [Function],
  "findAllByLabelText": [Function],
  "findAllByPlaceholderText": [Function],
  "findAllByRole": [Function],
  "findAllByTestId": [Function],
  "findAllByText": [Function],
  "findAllByTitle": [Function],
  "findByAltText": [Function],
  "findByDisplayValue": [Function],
  "findByLabelText": [Function],
  "findByPlaceholderText": [Function],
  "findByRole": [Function],
  "findByTestId": [Function],
  "findByText": [Function],
  "findByTitle": [Function],
  "getAllByAltText": [Function],
  "getAllByDisplayValue": [Function],
  "getAllByLabelText": [Function],
  "getAllByPlaceholderText": [Function],
  "getAllByRole": [Function],
  "getAllByTestId": [Function],
  "getAllByText": [Function],
  "getAllByTitle": [Function],
  "getByAltText": [Function],
  "getByDisplayValue": [Function],
  "getByLabelText": [Function],
  "getByPlaceholderText": [Function],
  "getByRole": [Function],
  "getByTestId": [Function],
  "getByText": [Function],
  "getByTitle": [Function],
  "queryAllByAltText": [Function],
  "queryAllByDisplayValue": [Function],
  "queryAllByLabelText": [Function],
  "queryAllByPlaceholderText": [Function],
  "queryAllByRole": [Function],
  "queryAllByTestId": [Function],
  "queryAllByText": [Function],
  "queryAllByTitle": [Function],
  "queryByAltText": [Function],
  "queryByDisplayValue": [Function],
  "queryByLabelText": [Function],
  "queryByPlaceholderText": [Function],
  "queryByRole": [Function],
  "queryByTestId": [Function],
  "queryByText": [Function],
  "queryByTitle": [Function],
  "rerender": [Function],
  "unmount": [Function],
}
`;
